// Jest Snapshot v1, https://goo.gl/fbAQLP

exports[`Content Wrapper should wrap the tab content with a column, transition and close button 1`] = `
<Column
  cols={9}
  gutters={false}
>
  <ContentWrapper__MainContainer>
    <ContentWrapper__Content>
      <ContentWrapper__TabPanel>
        <TransitionGroup
          childFactory={[Function]}
          component={
            Object {
              "$$typeof": Symbol(react.forward_ref),
              "attrs": Array [],
              "componentStyle": ComponentStyle {
                "componentId": "ContentWrapper__Content-sc-1lrx4ed-1",
                "isStatic": false,
                "rules": Array [
                  "flex:1 1 auto;display:flex;",
                ],
              },
              "displayName": "ContentWrapper__Content",
              "foldedComponentIds": Array [],
              "render": [Function],
              "styledComponentId": "ContentWrapper__Content-sc-1lrx4ed-1",
              "target": "div",
              "toString": [Function],
              "warnTooManyClasses": [Function],
              "withComponent": [Function],
            }
          }
        >
          <FadeTransition
            appear={true}
            enter={true}
            exit={false}
            in={false}
            timeout={250}
          >
            <h1>
              hello
            </h1>
          </FadeTransition>
        </TransitionGroup>
      </ContentWrapper__TabPanel>
    </ContentWrapper__Content>
    <ContentWrapper__Buttons>
      <Button
        data-test="btn-done"
        onClick={[Function]}
        type="button"
        variant="primary"
      >
        Done
      </Button>
    </ContentWrapper__Buttons>
  </ContentWrapper__MainContainer>
</Column>
`;
