// Jest Snapshot v1, https://goo.gl/fbAQLP

exports[`Modal Content Tabs should render 1`] = `
<BaseTabs
  ContentWrapper={[Function]}
  TabList={[Function]}
  activeId="1"
  buttonRender={[Function]}
  onChange={[MockFunction]}
  tabs={
    Array [
      Object {
        "id": "1",
        "render": [Function],
        "title": "hello",
      },
      Object {
        "id": "2",
        "render": [Function],
        "title": "world",
      },
    ]
  }
/>
`;

exports[`Modal Content Tabs should render items with a title and showing whether it is selected 1`] = `
.c0 {
  margin: 0;
  padding: 0;
}

<li
  aria-selected={true}
  className="c0"
>
  <Tabs__TabsBtn
    isSelected={true}
  >
    foo
  </Tabs__TabsBtn>
</li>
`;
