// Jest Snapshot v1, https://goo.gl/fbAQLP

exports[`components/Forms/Input Text should render correctly 1`] = `
.c0 {
  font-size: 1em;
  border: 1px solid #999999;
  padding: 0.5em;
  color: #333333;
  display: block;
  width: 100%;
  -webkit-transition: outline-color 100ms ease-in,border-color 100ms ease-in;
  transition: outline-color 100ms ease-in,border-color 100ms ease-in;
  outline: 1px solid transparent;
}

.c0:hover {
  border-color: #3B7A9E;
  outline-color: #3B7A9E;
}

.c0:focus,
.c0:focus-within {
  border-color: #3B7A9E;
  outline-color: #3B7A9E;
  box-shadow: 0 0 0 3px #FDBD56;
}

.c0::-webkit-input-placeholder {
  color: #a3a3a3;
}

.c0::-moz-placeholder {
  color: #a3a3a3;
}

.c0:-ms-input-placeholder {
  color: #a3a3a3;
}

.c0::placeholder {
  color: #a3a3a3;
}

.c0:focus {
  outline: none;
  border: 1px solid #3B7A9E;
}

.c0[disabled] {
  opacity: 0.8;
  pointer-events: none;
}

<withChangeHandler(UncontrolledInput)
  defaultValue="I am some text"
  id="text"
  onChange={[MockFunction]}
>
  <UncontrolledInput
    defaultValue="I am some text"
    id="text"
    onChange={[Function]}
    type="text"
  >
    <Input__StyledInput
      defaultValue="I am some text"
      id="text"
      name="text"
      onChange={[Function]}
      type="text"
    >
      <input
        className="c0"
        defaultValue="I am some text"
        id="text"
        name="text"
        onChange={[Function]}
        type="text"
      />
    </Input__StyledInput>
  </UncontrolledInput>
</withChangeHandler(UncontrolledInput)>
`;
