// Jest Snapshot v1, https://goo.gl/fbAQLP

exports[`components/Forms/Input Text should render correctly 1`] = `
.c0 {
  font-size: 1em;
  border: thin solid #999999;
  padding: 0.5em;
  color: #222222;
  display: block;
  width: 100%;
  -webkit-transition: outline-color 100ms ease-in,border-color 100ms ease-in;
  transition: outline-color 100ms ease-in,border-color 100ms ease-in;
  outline: thin solid transparent;
}

.c0:hover {
  border-color: #3B7A9E;
  box-shadow: 0 0 0 1pt #3B7A9E;
}

.c0:focus,
.c0:focus-within {
  border-color: transparent;
  outline: 3px solid #FDBD56;
  box-shadow: 0 0 0 3px #FDBD56;
}

.c0::-webkit-input-placeholder {
  color: #a3a3a3;
}

.c0::-moz-placeholder {
  color: #a3a3a3;
}

.c0:-ms-input-placeholder {
  color: #a3a3a3;
}

.c0::placeholder {
  color: #a3a3a3;
}

.c0:focus {
  outline: none;
  border-style: solid;
  border-color: #3B7A9E;
}

.c0[disabled] {
  opacity: 0.8;
  pointer-events: none;
}

<withChangeHandler(UncontrolledInput)
  defaultValue="I am some text"
  id="text"
  onChange={[MockFunction]}
>
  <UncontrolledInput
    defaultValue="I am some text"
    id="text"
    onChange={[Function]}
    type="text"
  >
    <Input__StyledInput
      defaultValue="I am some text"
      id="text"
      name="text"
      onChange={[Function]}
      type="text"
    >
      <StyledComponent
        defaultValue="I am some text"
        forwardedComponent={
          Object {
            "$$typeof": Symbol(react.forward_ref),
            "attrs": Array [],
            "componentStyle": ComponentStyle {
              "componentId": "Input__StyledInput-sc-1frtas6-0",
              "isStatic": false,
              "lastClassName": "c0",
              "rules": Array [
                "font-size:1em;border:thin solid ",
                "#999999",
                ";padding:0.5em;color:",
                "#222222",
                ";display:block;width:100%;transition:outline-color 100ms ease-in,border-color 100ms ease-in;outline:thin solid transparent;&:hover{border-color:",
                "#3B7A9E",
                ";box-shadow:0 0 0 1pt ",
                "#3B7A9E",
                ";}&:focus,&:focus-within{",
                "
  border-color: transparent;
  outline: 3px solid #FDBD56;
  box-shadow: 0 0 0 3px #FDBD56;
",
                ";}&::placeholder{color:#a3a3a3;}&:focus{outline:none;border-style:solid;border-color:",
                "#3B7A9E",
                ";}&[disabled]{opacity:0.8;pointer-events:none;}",
                [Function],
                ";",
                ";",
                [Function],
                ";",
                [Function],
                ";",
              ],
            },
            "displayName": "Input__StyledInput",
            "foldedComponentIds": Array [],
            "render": [Function],
            "styledComponentId": "Input__StyledInput-sc-1frtas6-0",
            "target": "input",
            "toString": [Function],
            "warnTooManyClasses": [Function],
            "withComponent": [Function],
          }
        }
        forwardedRef={null}
        id="text"
        name="text"
        onChange={[Function]}
        type="text"
      >
        <input
          className="c0"
          defaultValue="I am some text"
          id="text"
          name="text"
          onChange={[Function]}
          type="text"
        />
      </StyledComponent>
    </Input__StyledInput>
  </UncontrolledInput>
</withChangeHandler(UncontrolledInput)>
`;
