// Jest Snapshot v1, https://goo.gl/fbAQLP

exports[`MinValueValidation should render 1`] = `
<Grid
  align="top"
  fillHeight={true}
>
  <Column
    cols={3}
  >
    <ValidationTitle>
      foobar
       is
    </ValidationTitle>
  </Column>
  <Column
    cols={9}
  >
    <FieldWithInclude
      checked={true}
      id="inclusive"
      name="inclusive"
      onChange={[MockFunction]}
    >
      <ValidationInput
        data-test="min-value-input"
        min={NaN}
        onBlur={[MockFunction]}
        onChange={[MockFunction]}
        type="number"
        value={123}
      />
    </FieldWithInclude>
  </Column>
</Grid>
`;
