// Jest Snapshot v1, https://goo.gl/fbAQLP

exports[`MetadataTable should render 1`] = `
<Table>
  <TableHead>
    <TableRow>
      <TableHeadColumn
        width="20%"
      >
        Key
      </TableHeadColumn>
      <TableHeadColumn
        width="20%"
      >
        Alias
      </TableHeadColumn>
      <TableHeadColumn
        width="15%"
      >
        Type
      </TableHeadColumn>
      <TableHeadColumn
        width="45%"
      >
        Value
      </TableHeadColumn>
      <TableHeadColumn
        width="34px"
      />
    </TableRow>
  </TableHead>
  <TableBody>
    <Connect(withEntityEditor(StatelessRow))
      key="1"
      metadata={
        Object {
          "alias": "test_alias",
          "dateValue": null,
          "id": "1",
          "key": "tx_id",
          "languageValue": null,
          "regionValue": null,
          "textValue": "text",
          "type": "Text",
        }
      }
      onDelete={[MockFunction]}
      onUpdate={[MockFunction]}
      questionnaireId="1"
      usedKeys={
        Array [
          "tx_id",
          "iat",
          "iat",
          "iat",
        ]
      }
    />
    <Connect(withEntityEditor(StatelessRow))
      key="2"
      metadata={
        Object {
          "alias": "date_alias",
          "dateValue": "2018-09-17",
          "id": "2",
          "key": "iat",
          "languageValue": null,
          "regionValue": null,
          "textValue": null,
          "type": "Date",
        }
      }
      onDelete={[MockFunction]}
      onUpdate={[MockFunction]}
      questionnaireId="1"
      usedKeys={
        Array [
          "tx_id",
          "iat",
          "iat",
          "iat",
        ]
      }
    />
    <Connect(withEntityEditor(StatelessRow))
      key="3"
      metadata={
        Object {
          "alias": "region_alias",
          "dateValue": null,
          "id": "3",
          "key": "iat",
          "languageValue": null,
          "regionValue": "GB_ENG",
          "textValue": null,
          "type": "Region",
        }
      }
      onDelete={[MockFunction]}
      onUpdate={[MockFunction]}
      questionnaireId="1"
      usedKeys={
        Array [
          "tx_id",
          "iat",
          "iat",
          "iat",
        ]
      }
    />
    <Connect(withEntityEditor(StatelessRow))
      key="4"
      metadata={
        Object {
          "alias": "language_alias",
          "dateValue": null,
          "id": "4",
          "key": "iat",
          "languageValue": "cy",
          "regionValue": null,
          "textValue": null,
          "type": "Language",
        }
      }
      onDelete={[MockFunction]}
      onUpdate={[MockFunction]}
      questionnaireId="1"
      usedKeys={
        Array [
          "tx_id",
          "iat",
          "iat",
          "iat",
        ]
      }
    />
  </TableBody>
  <TableFoot>
    <TableRow>
      <TableColumn
        colSpan="5"
      >
        <AddRowButton
          data-test="metadata-add-row"
          onClick={[Function]}
          small={true}
          variant="tertiary"
        >
          <IconText
            dark={true}
            hideText={false}
            icon={[Function]}
          >
            Add metadata
          </IconText>
        </AddRowButton>
      </TableColumn>
    </TableRow>
  </TableFoot>
</Table>
`;
