// Jest Snapshot v1, https://goo.gl/fbAQLP

exports[`Question Routing Route should redirect if the pageType is not valid 1`] = `
<LogicPage
  page={
    Object {
      "displayName": "Untitled Page",
      "id": "1",
      "pageType": "NoRoutingHere",
      "routing": null,
      "section": Object {
        "id": "1",
        "questionnaire": Object {
          "id": "1",
        },
      },
    }
  }
>
  <Redirect
    to="/q/1/page/1/design"
  />
</LogicPage>
`;
