// Jest Snapshot v1, https://goo.gl/fbAQLP

exports[`MetaEditor should render 1`] = `
<div>
  <RichTextEditor
    autoFocus={false}
    controls={
      Object {
        "emphasis": true,
        "piping": true,
      }
    }
    fetchAnswers={[Function]}
    id="question-title"
    label="Question"
    metadata={Array []}
    multiline={false}
    name="title"
    onUpdate={[Function]}
    placeholder="What is the question?"
    size="large"
    testSelector="txt-question-title"
    value="Page title"
  />
  <RichTextEditor
    autoFocus={false}
    controls={
      Object {
        "bold": true,
        "emphasis": true,
        "piping": true,
      }
    }
    fetchAnswers={[Function]}
    id="question-description"
    label="Question description"
    metadata={Array []}
    multiline={true}
    name="description"
    onUpdate={[Function]}
    placeholder=""
    testSelector="txt-question-description"
    value="Page description"
  />
  <DefinitionEditor
    label="Question definition"
  >
    <MetaEditor__Paragraph>
      Only to be used to define word(s) or acronym(s) within the question.
    </MetaEditor__Paragraph>
    <Field
      last={false}
    >
      <Label
        bold={true}
        htmlFor="definition-label"
      >
        Label
      </Label>
      <withChangeHandler(WrappingInput)
        bold={true}
        data-test="txt-question-definition-label"
        id="definition-label"
        name="definitionLabel"
        onBlur={[MockFunction]}
        onChange={[MockFunction]}
        value="Page definition label"
      />
    </Field>
    <RichTextEditor
      autoFocus={false}
      controls={
        Object {
          "bold": true,
          "emphasis": true,
          "piping": true,
        }
      }
      fetchAnswers={[Function]}
      id="definition-content"
      label="Content"
      metadata={Array []}
      multiline={true}
      name="definitionContent"
      onUpdate={[Function]}
      placeholder=""
      testSelector="txt-question-definition-content"
      value="Page definition content"
    />
  </DefinitionEditor>
  <RichTextEditor
    autoFocus={false}
    controls={
      Object {
        "bold": true,
        "heading": true,
        "list": true,
        "piping": true,
      }
    }
    fetchAnswers={[Function]}
    id="question-guidance"
    label="Include/exclude"
    metadata={Array []}
    multiline={true}
    name="guidance"
    onUpdate={[Function]}
    placeholder=""
    testSelector="txt-question-guidance"
    value="Page guidance"
  />
</div>
`;
