// Jest Snapshot v1, https://goo.gl/fbAQLP

exports[`components/AnswerTypeGrid should render 1`] = `
<AnswerTypeGrid__Menu
  onClose={[MockFunction]}
  onSelect={[MockFunction]}
>
  <AnswerTypeGrid__MenuBackground>
    <IconGrid
      aria-labelledby="foo"
    >
      <AnswerTypeButton
        key="Checkbox"
        onClick={[Function]}
        order={11}
        title="Checkbox"
        type="Checkbox"
      />
      <AnswerTypeButton
        key="Radio"
        onClick={[Function]}
        order={10}
        title="Radio"
        type="Radio"
      />
      <AnswerTypeButton
        key="TextField"
        onClick={[Function]}
        order={9}
        title="Text"
        type="TextField"
      />
      <AnswerTypeButton
        key="TextArea"
        onClick={[Function]}
        order={8}
        title="Textarea"
        type="TextArea"
      />
      <AnswerTypeButton
        key="Currency"
        onClick={[Function]}
        order={7}
        title="Currency"
        type="Currency"
      />
      <AnswerTypeButton
        key="Number"
        onClick={[Function]}
        order={6}
        title="Number"
        type="Number"
      />
      <AnswerTypeButton
        key="Date"
        onClick={[Function]}
        order={5}
        title="Date"
        type="Date"
      />
      <AnswerTypeButton
        key="DateRange"
        onClick={[Function]}
        order={4}
        title="Date range"
        type="DateRange"
      />
      <AnswerTypeButton
        key="Percentage"
        onClick={[Function]}
        order={3}
        title="Percentage"
        type="Percentage"
      />
      <AnswerTypeButton
        key="Unit"
        onClick={[Function]}
        order={2}
        title="Unit"
        type="Unit"
      />
      <AnswerTypeButton
        disabled={true}
        key="Duration"
        onClick={[Function]}
        order={1}
        title="Duration"
        type="Duration"
      />
    </IconGrid>
  </AnswerTypeGrid__MenuBackground>
</AnswerTypeGrid__Menu>
`;
