// Jest Snapshot v1, https://goo.gl/fbAQLP

exports[`components/RoutingRule should render children 1`] = `
<div
  data-test="routing-rule"
>
  <RoutingRule__Box>
    <RoutingRule__Title>
      Test
    </RoutingRule__Title>
    <RoutingRule__Buttons>
      <Button
        data-test="btn-delete"
        onClick={[Function]}
        small={true}
        type="button"
        variant="tertiary"
      >
        <IconText
          hideText={false}
          icon={[Function]}
        >
          Remove rule
        </IconText>
      </Button>
    </RoutingRule__Buttons>
    <div>
      <TransitionGroup
        childFactory={[Function]}
        component="div"
      >
        <Transition__RoutingComponentTransition
          key="2"
          timeout={200}
        >
          <div>
            <RoutingCondition
              canAddAndCondition={true}
              condition={
                Object {
                  "answer": Object {
                    "id": "1",
                  },
                  "id": "2",
                }
              }
              label="IF"
              match={
                Object {
                  "params": Object {
                    "pageId": "3",
                    "questionnaireId": "1",
                    "sectionId": "2",
                  },
                }
              }
              onAddRule={[MockFunction]}
              onConditionChange={[MockFunction]}
              onRemove={[MockFunction]}
              onToggleOption={[MockFunction]}
              onUpdateConditionValue={[MockFunction]}
              ruleId="1"
              sections={Array []}
            />
          </div>
        </Transition__RoutingComponentTransition>
        <Transition__RoutingComponentTransition
          key="3"
          timeout={200}
        >
          <div>
            <RoutingCondition
              canAddAndCondition={true}
              condition={
                Object {
                  "answer": Object {
                    "id": "2",
                  },
                  "id": "3",
                }
              }
              label="AND"
              match={
                Object {
                  "params": Object {
                    "pageId": "3",
                    "questionnaireId": "1",
                    "sectionId": "2",
                  },
                }
              }
              onAddRule={[MockFunction]}
              onConditionChange={[MockFunction]}
              onRemove={[MockFunction]}
              onToggleOption={[MockFunction]}
              onUpdateConditionValue={[MockFunction]}
              ruleId="1"
              sections={Array []}
            />
          </div>
        </Transition__RoutingComponentTransition>
      </TransitionGroup>
      <Grid
        align="center"
        fillHeight={true}
      >
        <RoutingRule__CenteringColumn
          cols={1}
          gutters={false}
        >
          <TextButton
            data-test="btn-and"
            onClick={[Function]}
          >
            AND
          </TextButton>
        </RoutingRule__CenteringColumn>
      </Grid>
    </div>
    <RoutingRuleDestinationSelector
      data-test="select-then"
      destinations={Object {}}
      disabled={false}
      id="then"
      label="THEN"
      loading={false}
      onChange={[Function]}
    />
  </RoutingRule__Box>
</div>
`;
