// Jest Snapshot v1, https://goo.gl/fbAQLP

exports[`DateRange should render 1`] = `
<DateRange__Wrapper
  data-test="date-range-editor"
>
  <Connect(withEntityEditor(withValidationError(UnwrappedDate)))
    answer={
      Object {
        "description": "test",
        "displayName": "Untitled answer",
        "guidance": "",
        "id": "1",
        "label": "",
        "properties": Object {
          "required": false,
        },
        "qCode": "yuky",
        "secondaryLabel": "",
        "type": "DateRange",
        "validationErrorInfo": Object {
          "errors": Array [],
        },
      }
    }
    disableMutuallyExclusive={true}
    key="from-1"
    name="label"
    onChange={[MockFunction]}
    onUpdate={[MockFunction]}
    showDay={true}
    showMonth={true}
    showYear={true}
    store={
      Object {
        "dispatch": [MockFunction],
        "getState": [MockFunction],
        "subscribe": [MockFunction],
      }
    }
  />
  <Connect(withEntityEditor(withValidationError(UnwrappedDate)))
    answer={
      Object {
        "description": "test",
        "displayName": "Untitled answer",
        "guidance": "",
        "id": "1",
        "label": "",
        "properties": Object {
          "required": false,
        },
        "qCode": "yuky",
        "secondaryLabel": "",
        "type": "DateRange",
        "validationErrorInfo": Object {
          "errors": Array [],
        },
      }
    }
    disableMutuallyExclusive={true}
    key="to-1"
    name="secondaryLabel"
    onChange={[MockFunction]}
    onUpdate={[MockFunction]}
    showDay={true}
    showMonth={true}
    showYear={true}
    store={
      Object {
        "dispatch": [MockFunction],
        "getState": [MockFunction],
        "subscribe": [MockFunction],
      }
    }
  />
</DateRange__Wrapper>
`;
