// Jest Snapshot v1, https://goo.gl/fbAQLP

exports[`NavigationSidebar should render 1`] = `
<NavigationSidebar__Container
  data-test="side-nav"
>
  <withRouter(UnwrappedNavigationHeader)
    canAddCalculatedSummaryPage={true}
    canAddQuestionConfirmation={true}
    canAddQuestionPage={true}
    data-test="nav-section-header"
    onAddCalculatedSummaryPage={[MockFunction]}
    onAddQuestionConfirmation={[MockFunction]}
    onAddQuestionPage={[MockFunction]}
    onAddSection={[Function]}
    questionnaire={
      Object {
        "displayName": "questionnaire",
        "id": "questionnaire",
        "sections": Array [
          Object {
            "displayName": "Section 1",
            "folders": Array [
              Object {
                "alias": "Folder 1.1",
                "enabled": false,
                "id": "1.1",
                "pages": Array [
                  Object {
                    "alias": "1.1.1",
                    "answers": Array [],
                    "displayName": "Page 1.1.1",
                    "folder": Object {
                      "id": "1",
                    },
                    "id": "1.1.1",
                    "position": 0,
                    "section": Object {
                      "id": "1",
                    },
                    "title": "Page 1.1.1",
                    "validationErrorInfo": Object {
                      "totalCount": 2,
                    },
                  },
                ],
                "position": 0,
              },
            ],
            "id": "1",
            "position": 0,
            "title": "Section 1",
            "validationErrorInfo": Object {
              "totalCount": 0,
            },
          },
        ],
        "title": "questionnaire",
      }
    }
  />
  <NavigationSidebar__AccordionGroupToggle
    data-test="toggle-all-accordions"
    onClick={[Function]}
    type="button"
    variant="primary"
  >
    Close all
  </NavigationSidebar__AccordionGroupToggle>
  <NavigationSidebar__NavigationScrollPane>
    <NavigationSidebar__NavList>
      <li>
        <SectionNav
          handleChange={[Function]}
          isOpen={
            Object {
              "open": true,
            }
          }
          questionnaire={
            Object {
              "displayName": "questionnaire",
              "id": "questionnaire",
              "sections": Array [
                Object {
                  "displayName": "Section 1",
                  "folders": Array [
                    Object {
                      "alias": "Folder 1.1",
                      "enabled": false,
                      "id": "1.1",
                      "pages": Array [
                        Object {
                          "alias": "1.1.1",
                          "answers": Array [],
                          "displayName": "Page 1.1.1",
                          "folder": Object {
                            "id": "1",
                          },
                          "id": "1.1.1",
                          "position": 0,
                          "section": Object {
                            "id": "1",
                          },
                          "title": "Page 1.1.1",
                          "validationErrorInfo": Object {
                            "totalCount": 2,
                          },
                        },
                      ],
                      "position": 0,
                    },
                  ],
                  "id": "1",
                  "position": 0,
                  "title": "Section 1",
                  "validationErrorInfo": Object {
                    "totalCount": 0,
                  },
                },
              ],
              "title": "questionnaire",
            }
          }
        />
      </li>
    </NavigationSidebar__NavList>
  </NavigationSidebar__NavigationScrollPane>
</NavigationSidebar__Container>
`;
