// Jest Snapshot v1, https://goo.gl/fbAQLP

exports[`NavLink should render 1`] = `
<NavLink__Link
  activeClassName="active"
  isActive={[Function]}
  title="Page 1"
  to="/page-1"
>
  <IconText
    hideText={false}
    icon={[Function]}
  >
    <NavLink__Title>
      Page 1
    </NavLink__Title>
  </IconText>
</NavLink__Link>
`;

exports[`NavLink should show a badge when it has errors 1`] = `
.c0 {
  border-radius: 0.7em;
  background-color: #D0021B;
  color: white;
  padding: 0.2em 0.5em;
  font-weight: normal;
  z-index: 2;
  margin-left: auto;
  line-height: 1;
  font-size: 0.9rem;
  pointer-events: none;
}

<NavLink__Badge>
  <span
    className="c0"
  >
    2
  </span>
</NavLink__Badge>
`;
