// Jest Snapshot v1, https://goo.gl/fbAQLP

exports[`PageNavItem should render 1`] = `
<PageNavItem__StyledPageItem
  data-test="page-item"
  title="Title"
>
  <NavLink
    data-test="nav-page-link"
    icon={[Function]}
    title="Page title"
    to="/questionnaire/111111111111111111111111111111111111/222222222222222222222222222222222222/333333333333333333333333333333333333"
  >
    Page title
  </NavLink>
</PageNavItem__StyledPageItem>
`;
