// Jest Snapshot v1, https://goo.gl/fbAQLP

exports[`PageNavItem should render 1`] = `
<PageNavItem__StyledPageItem
  data-test="page-item"
  sectionId="2"
  title="Title"
>
  <NavLink
    data-test="nav-page-link"
    icon={[Function]}
    title="Page title"
    to="/q/1/page/3/design"
  >
    Page title
  </NavLink>
</PageNavItem__StyledPageItem>
`;
