// Jest Snapshot v1, https://goo.gl/fbAQLP

exports[`SectionNavItem should render 1`] = `
<SectionNavItem__StyledSectionsAccordion
  title={<SectionTitle />}
  titleName="Section"
  url="/q/1/section/3/design"
>
  <SectionNavItem__StyledSectionNavItem
    data-test="section-item"
    duration={123}
    isActive={[MockFunction]}
    onAddPage={[MockFunction]}
  >
    <PageNav
      questionnaire={
        Object {
          "displayName": "Questionnaire",
          "id": "1",
          "sections": Array [
            Object {
              "displayName": "Section",
              "id": "3",
              "pages": Array [
                Object {
                  "displayName": "Page",
                  "id": "2",
                  "title": "Page",
                },
              ],
              "title": "Section",
              "validationErrorInfo": Object {
                "totalCount": 2,
              },
            },
          ],
          "title": "Questionnaire",
        }
      }
      section={
        Object {
          "displayName": "Section",
          "id": "3",
          "pages": Array [
            Object {
              "displayName": "Page",
              "id": "2",
              "title": "Page",
            },
          ],
          "title": "Section",
          "validationErrorInfo": Object {
            "totalCount": 2,
          },
        }
      }
    />
  </SectionNavItem__StyledSectionNavItem>
</SectionNavItem__StyledSectionsAccordion>
`;
