// Jest Snapshot v1, https://goo.gl/fbAQLP

exports[`SectionNavItem should render 1`] = `
<SectionNavItem__StyledSectionNavItem
  data-test="section-item"
  duration={123}
  isActive={[MockFunction]}
  onAddPage={[MockFunction]}
>
  <NavLink
    data-test="nav-section-link"
    exact={true}
    icon={[Function]}
    title="Section"
    to="/questionnaire/111111111111111111111111111111111111/333333333333333333333333333333333333/design"
  >
    Section
  </NavLink>
  <PageNav
    questionnaire={
      Object {
        "displayName": "Questionnaire",
        "id": "111111111111111111111111111111111111",
        "sections": Array [
          Object {
            "displayName": "Section",
            "id": "333333333333333333333333333333333333",
            "pages": Array [
              Object {
                "displayName": "Page",
                "id": "222222222222222222222222222222222222",
                "title": "Page",
              },
            ],
            "title": "Section",
          },
        ],
        "title": "Questionnaire",
      }
    }
    section={
      Object {
        "displayName": "Section",
        "id": "333333333333333333333333333333333333",
        "pages": Array [
          Object {
            "displayName": "Page",
            "id": "222222222222222222222222222222222222",
            "title": "Page",
          },
        ],
        "title": "Section",
      }
    }
  />
</SectionNavItem__StyledSectionNavItem>
`;
