// Jest Snapshot v1, https://goo.gl/fbAQLP

exports[`VisuallyHidden should render 1`] = `
<DocumentFragment>
  .c0 {
  position: absolute;
  overflow: hidden;
  -webkit-clip: rect(0 0 0 0);
  clip: rect(0 0 0 0);
  height: 1px;
  width: 1px;
  margin: -1px;
  padding: 0;
  border: 0;
}

<span
    class="c0"
  >
    I am some hidden text
  </span>
</DocumentFragment>
`;
