// Jest Snapshot v1, https://goo.gl/fbAQLP

exports[`Date should render 1`] = `
<Memo(Connect(withEntityEditor(withValidationError(UnwrappedDate))))
  answer={
    Object {
      "advancedProperties": true,
      "description": "date description",
      "displayName": "",
      "guidance": "Guidance",
      "id": "ansID1",
      "label": "",
      "options": Array [
        Object {
          "id": "option-1",
          "label": "option-label",
          "mutuallyExclusive": false,
        },
      ],
      "properties": Object {},
      "qCode": "",
      "secondaryLabel": null,
      "secondaryLabelDefault": "",
      "title": "Date title",
      "type": "Date",
    }
  }
  id="1"
  multipleAnswers={false}
  onChange={[MockFunction]}
  onUpdate={[MockFunction]}
  type="Date"
/>
`;
