// Jest Snapshot v1, https://goo.gl/fbAQLP

exports[`ToastList should allow configurable transitions 1`] = `
<TransitionGroup
  childFactory={[Function]}
  component={[Function]}
>
  <Transition__ToastTransition
    in={false}
    key=".0"
    timeout={500}
  >
    <ToastList__ToastItem
      data-test="toast-item"
    >
      <p>
        hello
      </p>
    </ToastList__ToastItem>
  </Transition__ToastTransition>
  <Transition__ToastTransition
    in={false}
    key=".1"
    timeout={500}
  >
    <ToastList__ToastItem
      data-test="toast-item"
    >
      <p>
        world
      </p>
    </ToastList__ToastItem>
  </Transition__ToastTransition>
</TransitionGroup>
`;

exports[`ToastList should render 1`] = `
<TransitionGroup
  childFactory={[Function]}
  component={[Function]}
>
  <Transition__ToastTransition
    in={false}
    key=".0"
    timeout={500}
  >
    <ToastList__ToastItem
      data-test="toast-item"
    >
      <p>
        hello
      </p>
    </ToastList__ToastItem>
  </Transition__ToastTransition>
  <Transition__ToastTransition
    in={false}
    key=".1"
    timeout={500}
  >
    <ToastList__ToastItem
      data-test="toast-item"
    >
      <p>
        world
      </p>
    </ToastList__ToastItem>
  </Transition__ToastTransition>
</TransitionGroup>
`;
