// Jest Snapshot v1, https://goo.gl/fbAQLP

exports[`QuestionnaireMeta should render 1`] = `
<QuestionnaireMeta__StyledScrollPane>
  <Form
    onSubmit={[MockFunction]}
  >
    <Field
      disabled={false}
      last={false}
    >
      <Label
        bold={true}
        htmlFor="title"
      >
        Questionnaire title
      </Label>
      <withChangeHandler(UncontrolledInput)
        autoFocus={true}
        data-test="txt-questionnaire-title"
        defaultValue="I am the title"
        id="title"
        onChange={[MockFunction]}
        required={true}
      />
    </Field>
    <Grid
      align="top"
      fillHeight={true}
      horizontalAlign="start"
    >
      <Column
        cols={6}
      >
        <Field
          disabled={false}
          last={false}
        >
          <Label
            bold={true}
            htmlFor="shortTitle"
          >
            Short title (optional)
          </Label>
          <withChangeHandler(UncontrolledInput)
            data-test="txt-questionnaire-short-title"
            defaultValue="I am the shortTitle"
            id="shortTitle"
            onChange={[MockFunction]}
          />
        </Field>
      </Column>
      <Column
        cols={6}
      >
        <Field
          disabled={false}
          last={false}
        >
          <Label
            bold={true}
            htmlFor="type"
          >
            Questionnaire type
          </Label>
          <withChangeHandler(Select__SimpleSelect)
            data-test="select-questionnaire-type"
            defaultValue=""
            disabled={false}
            id="type"
            onChange={[MockFunction]}
          >
            <option
              disabled={true}
              value=""
            >
              Please select...
            </option>
            <option
              value="Business"
            >
              Business
            </option>
            <option
              value="Social"
            >
              Social
            </option>
          </withChangeHandler(Select__SimpleSelect)>
        </Field>
      </Column>
    </Grid>
    <QuestionnaireMeta__HorizontalSeparator
      style={
        Object {
          "marginTop": "0.5em",
        }
      }
    />
    <QuestionnaireMeta__ToggleWrapper>
      <QuestionnaireMeta__InlineField>
        <Label
          bold={true}
        >
          Section navigation
        </Label>
        <ToggleSwitch
          checked={false}
          hideLabels={false}
          id="navigation"
          name="navigation"
          onChange={[MockFunction]}
        />
      </QuestionnaireMeta__InlineField>
      <InformationPanel>
        Let respondents move between sections while they're completing their questionnaire.
      </InformationPanel>
      <QuestionnaireMeta__HorizontalSeparator />
      <QuestionnaireMeta__EnableDisableWrapper>
        <QuestionnaireMeta__InlineField>
          <Label
            bold={true}
          >
            Answers summary
          </Label>
          <ToggleSwitch
            checked={false}
            hideLabels={false}
            id="summary"
            name="summary"
            onChange={[MockFunction]}
          />
        </QuestionnaireMeta__InlineField>
        <InformationPanel>
          Let respondents check their answers before submitting their questionnaire.
        </InformationPanel>
      </QuestionnaireMeta__EnableDisableWrapper>
    </QuestionnaireMeta__ToggleWrapper>
    <ButtonGroup
      align="right"
      horizontal={true}
    >
      <Button
        type="button"
        variant="secondary"
      >
        Cancel
      </Button>
      <Button
        data-test="questionnaire-submit-button"
        disabled={true}
        type="submit"
        variant="primary"
      >
        Create
      </Button>
    </ButtonGroup>
  </Form>
</QuestionnaireMeta__StyledScrollPane>
`;
