// Jest Snapshot v1, https://goo.gl/fbAQLP

exports[`QuestionnairesPage/QuestionnairesView should render questionnaires table when given questionnaires 1`] = `
<Fragment>
  <QuestionnairesView__Header>
    <Button
      data-test="create-questionnaire"
      onClick={[Function]}
      primary={true}
      type="button"
      variant="primary"
    >
      Create questionnaire
    </Button>
  </QuestionnairesView__Header>
  <UnconnectedQuestionnairesTable
    onDeleteQuestionnaire={[MockFunction]}
    onDuplicateQuestionnaire={[MockFunction]}
    questionnaires={
      Array [
        Object {
          "createdAt": "2017/01/02",
          "createdBy": Object {
            "id": "2",
            "name": "Alan",
          },
          "displayName": "Foo",
          "id": "1",
          "shortTitle": "Test title",
          "title": "Foo",
        },
      ]
    }
  />
  <QuestionnaireSettingsModal
    canEditType={true}
    confirmText="Create"
    isOpen={false}
    onClose={[Function]}
    onSubmit={[Function]}
    questionnaire={
      Object {
        "description": "",
        "navigation": false,
        "surveyId": "",
        "theme": "default",
        "title": "",
      }
    }
  />
</Fragment>
`;
