// Jest Snapshot v1, https://goo.gl/fbAQLP

exports[`MetaEditor should render 1`] = `
<div>
  <RichTextEditor
    autoFocus={false}
    controls={
      Object {
        "emphasis": true,
        "piping": true,
      }
    }
    disabled={false}
    fetchAnswers={[MockFunction]}
    id="question-title"
    label="Question"
    maxHeight={12}
    metadata={Array []}
    multiline={false}
    name="title"
    onUpdate={[MockFunction]}
    placeholder="What is the question?"
    size="large"
    testSelector="txt-question-title"
    value="<p>Hello world</p>"
  />
  <TransitionGroup
    childFactory={[Function]}
    component="div"
  >
    <AnswerTransition
      key="question-description"
      onEntered={[Function]}
      timeout={200}
    >
      <RichTextEditor
        autoFocus={false}
        controls={
          Object {
            "bold": true,
            "emphasis": true,
            "piping": true,
          }
        }
        disabled={false}
        fetchAnswers={[MockFunction]}
        id="question-description"
        label="Question description"
        maxHeight={12}
        metadata={Array []}
        multiline={true}
        name="description"
        onUpdate={[MockFunction]}
        placeholder=""
        testSelector="txt-question-description"
        value="<p>Description</p>"
      />
    </AnswerTransition>
    <AnswerTransition
      key="definition"
      onEntered={[Function]}
      timeout={200}
    >
      <MultipleFieldEditor
        id="definition"
        label="Question definition"
      >
        <MetaEditor__Paragraph>
          Only to be used to define word(s) or acronym(s) within the question.
        </MetaEditor__Paragraph>
        <Field
          disabled={false}
          last={false}
        >
          <Label
            bold={true}
            htmlFor="definition-label"
          >
            Label
          </Label>
          <withChangeHandler(WrappingInput)
            bold={true}
            data-test="txt-question-definition-label"
            id="definition-label"
            name="definitionLabel"
            onBlur={[MockFunction]}
            onChange={[MockFunction]}
            value="<p>Definition Label</p>"
          />
        </Field>
        <RichTextEditor
          autoFocus={false}
          controls={
            Object {
              "bold": true,
              "emphasis": true,
              "piping": true,
            }
          }
          disabled={false}
          fetchAnswers={[MockFunction]}
          id="definition-content"
          label="Content"
          maxHeight={12}
          metadata={Array []}
          multiline={true}
          name="definitionContent"
          onUpdate={[MockFunction]}
          placeholder=""
          testSelector="txt-question-definition-content"
          value="<p>Definition Content</p>"
        />
      </MultipleFieldEditor>
    </AnswerTransition>
    <AnswerTransition
      key="question-guidance"
      onEntered={[Function]}
      timeout={200}
    >
      <RichTextEditor
        autoFocus={false}
        controls={
          Object {
            "bold": true,
            "heading": true,
            "list": true,
            "piping": true,
          }
        }
        disabled={false}
        fetchAnswers={[MockFunction]}
        id="question-guidance"
        label="Include/exclude"
        maxHeight={12}
        metadata={Array []}
        multiline={true}
        name="guidance"
        onUpdate={[MockFunction]}
        placeholder=""
        testSelector="txt-question-guidance"
        value="<p>Guidance</p>"
      />
    </AnswerTransition>
  </TransitionGroup>
</div>
`;
