// Jest Snapshot v1, https://goo.gl/fbAQLP

exports[`QuestionnairesTable should render 1`] = `
<Fragment>
  <QuestionnairesTable__Table>
    <thead>
      <tr>
        <QuestionnairesTable__TH
          colWidth="50%"
        >
          Questionnaire name
        </QuestionnairesTable__TH>
        <QuestionnairesTable__TH
          colWidth="15%"
        >
          Date
        </QuestionnairesTable__TH>
        <QuestionnairesTable__TH
          colWidth="22%"
        >
          Created by
        </QuestionnairesTable__TH>
        <QuestionnairesTable__TH
          colWidth="14%"
        />
      </tr>
    </thead>
    <TransitionGroup
      childFactory={[Function]}
      component={[Function]}
    >
      <Row
        autoFocus={false}
        key="1"
        onDeleteQuestionnaire={[Function]}
        onDuplicateQuestionnaire={[MockFunction]}
        questionnaire={
          Object {
            "createdAt": "2017/01/02",
            "createdBy": Object {
              "id": "1",
              "name": "Alan",
            },
            "displayName": "Foo",
            "id": "1",
            "sections": Array [
              Object {
                "id": "1",
                "pages": Array [
                  Object {
                    "id": "1",
                  },
                ],
              },
            ],
          }
        }
      />
      <Row
        autoFocus={false}
        key="2"
        onDeleteQuestionnaire={[Function]}
        onDuplicateQuestionnaire={[MockFunction]}
        questionnaire={
          Object {
            "createdAt": "2017/03/04",
            "createdBy": Object {
              "id": "2",
              "name": "Lynn",
            },
            "displayName": "Bar",
            "id": "2",
            "sections": Array [
              Object {
                "id": "2",
                "pages": Array [
                  Object {
                    "id": "2",
                  },
                ],
              },
            ],
          }
        }
      />
    </TransitionGroup>
  </QuestionnairesTable__Table>
  <DeleteConfirmDialog
    alertText="This questionnaire including all sections and questions will be deleted."
    data-test="delete-questionnaire"
    icon="icon-questionnaire.svg"
    isOpen={false}
    onClose={[Function]}
    onDelete={[Function]}
    title={null}
  />
</Fragment>
`;

exports[`QuestionnairesTable should render message when no questionnaires 1`] = `
<p>
  You have no questionnaires
</p>
`;
