// Jest Snapshot v1, https://goo.gl/fbAQLP

exports[`Row should render 1`] = `
<FadeTransition
  exit={true}
  in={false}
  onDeleteQuestionnaire={[MockFunction]}
  onDuplicateQuestionnaire={[MockFunction]}
  timeout={250}
>
  <Row__TR
    innerRef={
      Object {
        "current": null,
      }
    }
  >
    <Row__TD
      textAlign="left"
    >
      <TruncatedQuestionnaireLink
        data-test="anchor-questionnaire-title"
        questionnaire={
          Object {
            "createdAt": "2017/01/02",
            "createdBy": Object {
              "name": "Alan",
            },
            "displayName": "Foo",
            "id": "1",
            "sections": Array [
              Object {
                "id": "1",
                "pages": Array [
                  Object {
                    "id": "1",
                  },
                ],
              },
            ],
          }
        }
        title="Foo"
      >
        Foo
      </TruncatedQuestionnaireLink>
    </Row__TD>
    <Row__TD
      textAlign="left"
    >
      <FormattedDate
        date="2017/01/02"
      />
    </Row__TD>
    <Row__TD
      textAlign="left"
    >
      <Truncated>
        Alan
      </Truncated>
    </Row__TD>
    <Row__TD
      textAlign="center"
    >
      <Row__ButtonGroup>
        <DuplicateButton
          data-test="btn-duplicate-questionnaire"
          hideText={false}
          onClick={[Function]}
        />
        <IconButtonDelete
          data-test="btn-delete-questionnaire"
          hideText={true}
          iconText="Delete"
          onClick={[Function]}
        />
      </Row__ButtonGroup>
    </Row__TD>
  </Row__TR>
</FadeTransition>
`;
