// Jest Snapshot v1, https://goo.gl/fbAQLP

exports[`components/RoutingRuleDestinationSelector should render 1`] = `
<Fragment>
  <DestinationSelector__RoutingRuleResult
    key="test-select"
  >
    <Grid
      align="center"
      fillHeight={true}
      horizontalAlign="start"
    >
      <Column
        cols={5}
        gutters={false}
      >
        <DestinationSelector__Label
          disabled={false}
          htmlFor="test-select"
        >
          Test
           
          <DestinationSelector__Goto>
            Go to: 
          </DestinationSelector__Goto>
        </DestinationSelector__Label>
      </Column>
      <Column
        cols={7}
        gutters={false}
      >
        <RoutingDestinationContentPicker
          data-test="routing-destination-content-picker"
          disabled={false}
          hasError={false}
          id="test-select"
          onSubmit={[Function]}
          pageId="1"
          selected={
            Object {
              "logicalDestination": Object {
                "destinationType": "NextPage",
              },
            }
          }
        />
      </Column>
    </Grid>
  </DestinationSelector__RoutingRuleResult>
</Fragment>
`;
