// Jest Snapshot v1, https://goo.gl/fbAQLP

exports[`DeleteConfirmDialog should render 1`] = `
<DeleteConfirmDialog__DeleteConfirmModalDialog
  data={
    Object {
      "test": "delete-confirm-modal",
    }
  }
  onClose={[MockFunction]}
  page={
    Object {
      "__typename": "Page",
      "description": "",
      "guidance": "",
      "id": "1",
      "title": "",
    }
  }
>
  <DialogHeader___default>
    <DialogMessage__Message>
      <DialogMessage__Heading>
        Delete
      </DialogMessage__Heading>
      <DialogMessage__Subheading />
      <DialogMessage__Description>
        <DeleteConfirmDialog__Alert>
          I am an alert
        </DeleteConfirmDialog__Alert>
      </DialogMessage__Description>
    </DialogMessage__Message>
    <DialogIcon___default
      icon="icon.svg"
    />
  </DialogHeader___default>
  <ButtonGroup
    align="right"
    horizontal={true}
  >
    <Button
      data-test="btn-cancel-modal"
      onClick={[MockFunction]}
      type="button"
      variant="secondary"
    >
      Cancel
    </Button>
    <Button
      autoFocus={true}
      data-test="btn-delete-modal"
      onClick={[MockFunction]}
      type="button"
      variant="primary"
    >
      Delete
    </Button>
  </ButtonGroup>
</DeleteConfirmDialog__DeleteConfirmModalDialog>
`;
