// Jest Snapshot v1, https://goo.gl/fbAQLP

exports[`Content Picker Title should render 1`] = `
<ContentPickerTitle__TitleButton
  aria-expanded={true}
  aria-selected={true}
  disabled={false}
  id="id"
  onClick={[MockFunction]}
  role="tab"
  selected={true}
>
  Hello
</ContentPickerTitle__TitleButton>
`;
