// Jest Snapshot v1, https://goo.gl/fbAQLP

exports[`MovePageModal should render 1`] = `
<MoveModal
  isOpen={true}
  onClose={[MockFunction]}
  title="Move question"
>
  <MovePageModal__Label
    htmlFor="MovePageModal1"
  >
    Section
  </MovePageModal__Label>
  <MovePageModal__Trigger
    id="MovePageModal1"
    onClick={[Function]}
  >
    <Truncated>
      Section 1
    </Truncated>
  </MovePageModal__Trigger>
  <ItemSelectModal
    data-test="section-select-modal"
    isOpen={false}
    onClose={[Function]}
    onConfirm={[Function]}
    primaryText="Select"
    secondaryText="Cancel"
    title="Section"
  >
    <withChangeHandler(ItemSelect)
      data-test="section-item-select"
      name="section"
      onChange={[Function]}
      value="1"
    >
      <Option
        key="1"
        value="1"
      >
        Section 1
      </Option>
      <Option
        key="2"
        value="2"
      >
        Section 2
      </Option>
    </withChangeHandler(ItemSelect)>
  </ItemSelectModal>
  <PositionModal
    data-test="page-position-modal"
    onMove={[Function]}
    options={
      Array [
        Object {
          "additionalInfoContent": "",
          "additionalInfoEnabled": false,
          "additionalInfoLabel": "",
          "alias": "1.1.1",
          "answers": Array [],
          "definitionContent": "",
          "definitionEnabled": false,
          "definitionLabel": "",
          "description": "",
          "descriptionEnabled": false,
          "displayName": "Page 1.1.1",
          "folder": Object {
            "id": "1",
          },
          "guidance": "",
          "guidanceEnabled": false,
          "id": "1.1.1",
          "pageType": "QuestionPage",
          "parentEnabled": false,
          "parentId": null,
          "position": 0,
          "section": Object {
            "displayName": "",
            "id": "1",
          },
          "title": "Page 1.1.1",
          "validationErrorInfo": Object {
            "errors": Array [],
            "totalCount": 2,
          },
        },
      ]
    }
    selected={
      Object {
        "additionalInfoContent": "",
        "additionalInfoEnabled": false,
        "additionalInfoLabel": "",
        "alias": "1.1.1",
        "answers": Array [],
        "definitionContent": "",
        "definitionEnabled": false,
        "definitionLabel": "",
        "description": "",
        "descriptionEnabled": false,
        "displayName": "Page 1.1.1",
        "folder": Object {
          "id": "1",
        },
        "guidance": "",
        "guidanceEnabled": false,
        "id": "1.1.1",
        "pageType": "QuestionPage",
        "position": 0,
        "section": Object {
          "displayName": "",
          "id": "1",
        },
        "title": "Page 1.1.1",
        "validationErrorInfo": Object {
          "errors": Array [],
          "totalCount": 2,
        },
      }
    }
  />
</MoveModal>
`;
