// Jest Snapshot v1, https://goo.gl/fbAQLP

exports[`components/RichTextEditor/Toolbar should render 1`] = `
<Toolbar__ToolbarPanel
  visible={true}
>
  <Toolbar__ButtonGroup>
    <ToolbarButton
      canFocus={true}
      disabled={true}
      key="Heading"
      onClick={[Function]}
      title="Heading"
    >
      <Component />
    </ToolbarButton>
    <ToolbarButton
      canFocus={true}
      disabled={true}
      key="Bold"
      onClick={[Function]}
      title="Bold"
    >
      <Component />
    </ToolbarButton>
    <ToolbarButton
      canFocus={true}
      disabled={true}
      key="Highlight"
      onClick={[Function]}
      title="Highlight"
    >
      <Component />
    </ToolbarButton>
    <Toolbar__Separator />
    <ToolbarButton
      canFocus={true}
      disabled={true}
      key="List"
      onClick={[Function]}
      title="List"
    >
      <Component />
    </ToolbarButton>
    <Toolbar__Separator />
    <LinkToolbarButton
      canFocus={true}
      disabled={true}
      onLinkChosen={[MockFunction]}
    />
  </Toolbar__ButtonGroup>
</Toolbar__ToolbarPanel>
`;
