// Jest Snapshot v1, https://goo.gl/fbAQLP

exports[`components/SkipConditionSet should render children 1`] = `
<Fragment>
  <TransitionGroup
    childFactory={[Function]}
    component="div"
  >
    <Transition__RoutingComponentTransition
      key="2"
      timeout={200}
    >
      <Apollo(Apollo(UnwrappedSkipConditionEditor))
        expressionGroup={
          Object {
            "expressions": Array [
              Object {
                "id": "3",
              },
            ],
            "id": "2",
          }
        }
        expressionGroupIndex={0}
        key="2"
        pageId="1"
      />
    </Transition__RoutingComponentTransition>
  </TransitionGroup>
  <SkipLogicEditor__Footer />
  <SkipLogicEditor__AddSkipConditionButton
    data-test="btn-add-skip-condition"
    onClick={[MockFunction]}
    small={true}
    type="button"
    variant="secondary"
  >
    Add OR statement
  </SkipLogicEditor__AddSkipConditionButton>
</Fragment>
`;
