// Jest Snapshot v1, https://goo.gl/fbAQLP

exports[`Required Property should render 1`] = `
<withChangeHandler(Select__SimpleSelect)
  data-test="unit-select"
  onChange={[MockFunction]}
  value="Centimetres"
>
  <optgroup
    key="Length"
    label="Length"
  >
    <option
      key="Centimetres"
      value="Centimetres"
    >
      (cm) Centimetres
    </option>
    <option
      key="Metres"
      value="Metres"
    >
      (m) Metres
    </option>
    <option
      key="Kilometres"
      value="Kilometres"
    >
      (km) Kilometres
    </option>
    <option
      key="Miles"
      value="Miles"
    >
      (mi) Miles
    </option>
  </optgroup>
  <optgroup
    key="Area"
    label="Area"
  >
    <option
      key="Square centimetres"
      value="Square centimetres"
    >
      (cm²) Square centimetres
    </option>
    <option
      key="Square metres"
      value="Square metres"
    >
      (m²) Square metres
    </option>
    <option
      key="Square kilometres"
      value="Square kilometres"
    >
      (km²) Square kilometres
    </option>
    <option
      key="Square miles"
      value="Square miles"
    >
      (sq mi) Square miles
    </option>
    <option
      key="Acres"
      value="Acres"
    >
      (ac) Acres
    </option>
    <option
      key="Hectares"
      value="Hectares"
    >
      (ha) Hectares
    </option>
  </optgroup>
  <optgroup
    key="Volume"
    label="Volume"
  >
    <option
      key="Cubic centimetres"
      value="Cubic centimetres"
    >
      (cm³) Cubic centimetres
    </option>
    <option
      key="Cubic metres"
      value="Cubic metres"
    >
      (m³) Cubic metres
    </option>
    <option
      key="Cubic kilometres"
      value="Cubic kilometres"
    >
      (km³) Cubic kilometres
    </option>
    <option
      key="Litres"
      value="Litres"
    >
      (l) Litres
    </option>
    <option
      key="Hectolitres"
      value="Hectolitres"
    >
      (hl) Hectolitres
    </option>
    <option
      key="Megalitres"
      value="Megalitres"
    >
      (Ml) Megalitres
    </option>
  </optgroup>
  <optgroup
    key="Mass"
    label="Mass"
  >
    <option
      key="Tonnes"
      value="Tonnes"
    >
      (t) Tonnes
    </option>
  </optgroup>
  <optgroup
    key="Energy"
    label="Energy"
  >
    <option
      key="Kilojoules"
      value="Kilojoules"
    >
      (kJ) Kilojoules
    </option>
    <option
      key="Kilowatt hours"
      value="Kilowatt hours"
    >
      (kWh) Kilowatt hours
    </option>
  </optgroup>
</withChangeHandler(Select__SimpleSelect)>
`;
