// Jest Snapshot v1, https://goo.gl/fbAQLP

exports[`CurrencyAnswer should render 1`] = `
<Connect(withEntityEditor(StatelessBasicAnswer))
  answer={
    Object {
      "description": "Nullam id dolor id nibh ultricies.",
      "title": "Lorem ipsum",
    }
  }
  onChange={[MockFunction]}
  onUpdate={[MockFunction]}
  showDescription={true}
  store={
    Object {
      "dispatch": [MockFunction],
      "getState": [MockFunction],
      "subscribe": [MockFunction],
    }
  }
>
  <CurrencyAnswer__FieldWrapper>
    <CurrencyComponent
      currencyUnit="£"
    />
  </CurrencyAnswer__FieldWrapper>
</Connect(withEntityEditor(StatelessBasicAnswer))>
`;
