// Jest Snapshot v1, https://goo.gl/fbAQLP

exports[`QuestionnaireDesignPage getTitle should display existing title if loading 1`] = `"foo"`;

exports[`QuestionnaireDesignPage getTitle should display questionnaire title if no longer loading 1`] = `"hello world - foo"`;

exports[`QuestionnaireDesignPage should render 1`] = `
<BaseLayout
  questionnaire={
    Object {
      "id": "333333333333333333333333333333333333",
      "sections": Array [
        Object {
          "id": "222222222222222222222222222222222222",
          "pages": Array [
            Object {
              "answers": Array [
                Object {
                  "id": "111111111111111111111111111111111111",
                  "label": "",
                  "options": Array [
                    Object {
                      "id": "111111111111111111111111111111111111",
                    },
                  ],
                },
              ],
              "description": "",
              "guidance": "",
              "id": "111111111111111111111111111111111111",
              "position": 0,
              "title": "",
              "type": "General",
            },
          ],
          "title": "",
        },
      ],
      "title": "hello world",
    }
  }
>
  <GetContext
    title={[Function]}
  >
    <Grid
      align="top"
      fillHeight={true}
    >
      <Column
        cols={3}
        gutters={false}
      >
        <withRouter(Apollo(UnwrappedNavigationSidebar))
          canAddQuestionConfirmation={true}
          data-test="side-nav"
          loading={false}
          onAddPage={[Function]}
          onAddQuestionConfirmation={[Function]}
          onAddSection={[MockFunction]}
          questionnaire={
            Object {
              "id": "333333333333333333333333333333333333",
              "sections": Array [
                Object {
                  "id": "222222222222222222222222222222222222",
                  "pages": Array [
                    Object {
                      "answers": Array [
                        Object {
                          "id": "111111111111111111111111111111111111",
                          "label": "",
                          "options": Array [
                            Object {
                              "id": "111111111111111111111111111111111111",
                            },
                          ],
                        },
                      ],
                      "description": "",
                      "guidance": "",
                      "id": "111111111111111111111111111111111111",
                      "position": 0,
                      "title": "",
                      "type": "General",
                    },
                  ],
                  "title": "",
                },
              ],
              "title": "hello world",
            }
          }
        />
      </Column>
      <Column
        cols={9}
      >
        <Switch>
          <Route
            component={[Function]}
            exact={true}
            path="/questionnaire/:questionnaireId/:sectionId([a-f0-9-]{36})/design"
          />
          <Route
            component={[Function]}
            exact={true}
            path="/questionnaire/:questionnaireId/:sectionId([a-f0-9-]{36})/:pageId([a-f0-9-]{36})/design"
          />
          <Route
            component={[Function]}
            exact={true}
            path="/questionnaire/:questionnaireId/:sectionId([a-f0-9-]{36})/:pageId([a-f0-9-]{36})/routing"
          />
          <Route
            component={[Function]}
            exact={true}
            path="/questionnaire/:questionnaireId/:sectionId([a-f0-9-]{36})/:pageId([a-f0-9-]{36})?/preview"
          />
          <Route
            component={[Function]}
            exact={true}
            path="/questionnaire/:questionnaireId/:sectionId([a-f0-9-]{36})/:pageId([a-f0-9-]{36})/:confirmationId([a-f0-9-]{36})/design"
          />
          <Route
            component={[Function]}
            exact={true}
            path="/questionnaire/:questionnaireId/:sectionId([a-f0-9-]{36})/:pageId([a-f0-9-]{36})/:confirmationId([a-f0-9-]{36})/preview"
          />
          <Route
            path="*"
            render={[Function]}
          />
        </Switch>
      </Column>
    </Grid>
  </GetContext>
</BaseLayout>
`;

exports[`QuestionnaireDesignPage should render redirect when finished loading 1`] = `
<Redirect
  push={false}
  to="/questionnaire/333333333333333333333333333333333333/222222222222222222222222222222222222/design"
/>
`;

exports[`QuestionnaireDesignPage should render spinner while loading 1`] = `
<Grid
  align="top"
  fillHeight={true}
>
  <Column
    cols={10}
  >
    <Loading
      height="100%"
    >
      Loading questionnaire…
    </Loading>
  </Column>
</Grid>
`;
