// Jest Snapshot v1, https://goo.gl/fbAQLP

exports[`Editor Layout should render 1`] = `
<GetContext
  title={[Function]}
>
  <EditorLayout__Container>
    <Component>
      <withRouter(UnwrappedTabs)
        design={true}
        preview={false}
      />
    </Component>
    <ScrollPane
      scrollToTop={true}
    >
      <EditorLayout__StyledGrid
        align="top"
        fillHeight={true}
        page={
          Object {
            "answers": Array [],
            "displayName": "Foo",
            "id": "1",
          }
        }
        routing={true}
      >
        <Column
          cols={12}
          gutters={false}
        >
          <EditorLayout__Margin>
            <MainCanvas
              maxWidth="70em"
            >
              Content
              <EditorLayout__PanelWrapper
                data-test="property-panel"
              />
            </MainCanvas>
          </EditorLayout__Margin>
        </Column>
      </EditorLayout__StyledGrid>
    </ScrollPane>
  </EditorLayout__Container>
</GetContext>
`;
