// Jest Snapshot v1, https://goo.gl/fbAQLP

exports[`SidebarButton should render 1`] = `
.c0 {
  display: block;
  width: 100%;
  padding: 0.5em;
  margin-bottom: 0.5em;
  color: #333333;
  border-radius: 4px;
  border: 1px solid #d6d8da;
  text-align: left;
  font-size: 1em;
  -webkit-transition: all 100ms ease-out;
  transition: all 100ms ease-out;
  position: relative;
  cursor: pointer;
  background: #FFFFFF;
}

.c0:hover {
  border: 1px solid #999999;
  background: #f5f5f5;
}

.c0:focus {
  box-shadow: 0 0 0 3px #FDBD56;
  outline: none;
}

.c0::after {
  content: "";
  display: block;
  width: 1em;
  height: 1em;
  background: url(icon-chevron.svg) no-repeat center;
  position: absolute;
  right: 0.5em;
  top: 0;
  bottom: 0;
  margin: auto;
}

.c0:disabled {
  background: #f5f5f5;
}

<button
  className="c0"
>
  <SidebarButton__Title>
    Min value
  </SidebarButton__Title>
  <SidebarButton__Detail>
    0
  </SidebarButton__Detail>
</button>
`;
